// Jest Snapshot v1, https://goo.gl/fbAQLP

exports[`Checkbox should render checkbox component 1`] = `
<div
  className="c-faRsTb"
>
  <input
    aria-label="this is an checkbox text"
    role="checkbox"
    type="checkbox"
  />
  <span
    className="c-eFhfvJ c-eFhfvJ-fPSeYF-color-white c-eFhfvJ-TkcIS-size-sm c-eFhfvJ-jzkLDL-weight-light"
  >
    this is an checkbox text
  </span>
</div>
`;
